[seed 2] eval ready (n=4000); phi(oracle,frame01)=+0.142 phi(oracle,allframes)=-0.070
[seed 2] round | states | accept | phi(DFA,oracle) | phi(DFA,frame01) | est | pool | |indec| | boundary | margin
Starting synthesis iteration with 232 prefixes
undersized, sampling more prefixes; decision_boundary: 0.5000
undersized, sampling more suffixes; decision_boundary: 0.5000
Completing suffix family:  98%|█████████▊| 2362/2408 [05:55<00:06,  6.64it/s]Completing suffix family: 4722it [11:40,  6.76it/s]                          Completing suffix family: 4722it [11:40,  6.75it/s]
  kept 4722/2408 after screening
FNR limit reached, decision boundary: 0.5318, margin: 0.0264
  [ce_pass] probe 100/4000, states 10, splits 8, since_split 0/149
  [ce_pass] probe 200/4000, states 10, splits 8, since_split 100/149
  [ce_pass] probe 300/4000, states 12, splits 10, since_split 1/149
  [ce_pass] probe 400/4000, states 14, splits 12, since_split 4/149
  [ce_pass] probe 500/4000, states 15, splits 13, since_split 32/149
  [ce_pass] probe 600/4000, states 15, splits 13, since_split 132/149
  [ce_pass] DONE after 617 probes, 13 splits, 15 states
  [dis_counts] {'disagreement': 138, 'bail_first_bad_edge_indecisive': 122, 'agree_or_no_end': 225, 'SPLIT': 13, 'bail_full_sift_indecisive': 254, 'verdict_undecided': 2, 'bail_totaliser_gap': 1}
transition_resolver: no decisive edge for (state 8, symbol 1); falling back to a self-loop
transition_resolver: no decisive edge for (state 11, symbol 1); falling back to a self-loop
transition_resolver: no decisive edge for (state 12, symbol 1); falling back to a self-loop
Resolved DFA with 15 states
DFA(states={0, 1, 2, 3, 4, 5, 6, 7, 8, 9, 10, 11, 12, 13, 14}, input_symbols={0, 1, 2, 3, 4}, transitions={0: {3: 0, 4: 0, 0: 7, 1: 9, 2: 7}, 1: {0: 1, 1: 1, 2: 1, 3: 1, 4: 1}, 2: {0: 1, 1: 1, 2: 1, 3: 8, 4: 9}, 3: {0: 0, 1: 10, 2: 0, 3: 13, 4: 13}, 4: {0: 4, 1: 4, 2: 4, 3: 10, 4: 10}, 5: {0: 10, 1: 10, 2: 10, 3: 6, 4: 6}, 6: {0: 4, 1: 4, 2: 4, 3: 7, 4: 7}, 7: {0: 7, 1: 0, 2: 0, 3: 5, 4: 5}, 8: {0: 4, 2: 9, 3: 14, 4: 14, 1: 8}, 9: {0: 9, 1: 9, 2: 9, 3: 14, 4: 14}, 10: {0: 10, 1: 10, 2: 10, 3: 13, 4: 13}, 11: {0: 4, 2: 4, 3: 9, 4: 9, 1: 11}, 12: {0: 1, 2: 4, 3: 9, 4: 9, 1: 12}, 13: {0: 1, 1: 1, 2: 1, 3: 4, 4: 4}, 14: {0: 3, 1: 10, 2: 10, 3: 11, 4: 11}}, initial_state=0, final_states={0, 2, 3, 4, 5, 6, 7, 8, 9, 10, 11, 12, 13, 14}, allow_partial=False)
Estimated DFA accuracy on fresh samples: 0.6333
