target undersplit state s10: 283 SINK + 183 live
round-0 tree sifts SINK to leaves {1: 153, 10: 21, 4: 3, 2: 1}; using leaf 1 (153 SINK) as the tree-separated set vs 183 live

per-depth state occupancy (state: #SINK/#live), showing where they MERGE:
  d 0: s0:153/183  <-- MERGE
  d 1: s0:150/162  s7:1/13  s9:2/8
  d 2: s0:137/157  s7:12/4  s5:1/13  s14:2/8  s9:1/1
  d 3: s0:137/138  s7:0/15  s5:12/2  s6:0/13  s11:1/8
  d 4: s0:116/122  s7:15/26  s9:7/9  s5:0/14  s6:12/2
  d 5: s0:104/115  s5:14/26  s7:16/8  s14:7/9  s6:0/14
  d 6: s0:104/93  s6:13/26  s7:0/28  s5:16/8  s11:6/9
  d 7: s0:89/85  s7:22/23  s5:0/28  s9:12/14  s6:16/5
  d 8: s0:74/79  s5:22/23  s7:24/9  s14:12/13  s6:0/21
  d 9: s0:72/67  s6:20/23  s5:24/9  s7:1/28  s11:11/12
  d10: s0:60/58  s7:27/29  s6:24/9  s5:1/26  s9:16/11
  d11: s0:48/56  s5:27/26  s7:26/14  s14:16/11  s6:1/24
  d12: s0:48/47  s6:23/26  s5:26/14  s7:1/29  s10:23/5
  d13: s0:32/42  s7:32/25  s6:26/11  s9:22/13  s4:0/32
  d14: s0:31/39  s5:31/25  s4:39/8  s10:0/38  s14:22/12
  d15: s0:30/36  s10:47/11  s6:27/24  s13:0/36  s11:18/12
  d16: s13:48/11  s7:33/24  s0:20/28  s4:0/44  s9:22/13
  d17: s4:50/15  s5:33/23  s10:0/45  s0:15/28  s14:21/13
  d18: s10:58/21  s6:28/23  s13:0/39  s0:15/18  s11:18/14
  d19: s13:57/20  s7:30/21  s4:0/47  s0:14/18  s9:19/13
  d20: s4:59/29  s5:29/20  s10:0/49  s0:13/18  s14:18/13
  d21: s10:65/35  s13:0/45  s6:22/20  s5:19/11  s7:1/25
  d22: s13:67/35  s4:1/56  s7:26/17  s6:19/6  s5:1/23
  d23: s4:71/44  s10:1/59  s5:26/14  s7:19/7  s14:15/8
  d24: s10:81/52  s13:0/51  s6:20/14  s5:19/6  s4:5/19
  d25: s13:81/50  s4:2/59  s7:19/12  s6:19/6  s10:4/19
  d26: s4:89/59  s10:3/63  s5:19/11  s7:16/9  s13:2/17
  d27: s10:95/71  s13:3/55  s6:15/11  s5:16/9  s4:2/18
  d28: s13:98/71  s4:4/68  s6:16/9  s7:15/7  s10:1/13
  d29: s4:107/86  s10:5/66  s5:15/6  s7:12/5  s14:9/3
  d30: s10:121/96  s13:4/57  s5:12/5  s6:5/6  s11:6/3
  d31: s13:121/96  s4:5/62  s6:12/5  s7:5/5  s9:6/3
  d32: s4:130/115  s10:3/52  s5:5/5  s7:6/3  s14:5/2
  d33: s10:134/131  s13:2/38  s5:6/3  s6:3/3  s14:4/2
  d34: s13:137/131  s4:2/41  s6:6/3  s7:3/4  s11:4/2
  d35: s4:149/161  s10:0/17  s5:3/4  s14:1/1
  d36: s10:153/183

merge: at depth 0, state s0 holds both SINK and live; both then flow to s10
  members through s0 at d0: 153 SINK, 183 live
  next-symbol dist  SINK: {3: 76, 4: 74, 1: 2, 0: 1}  live: {3: 81, 0: 8, 4: 81, 2: 5, 1: 8}
