[seed 0] eval ready (n=4000); phi(oracle,frame01)=+0.164 phi(oracle,allframes)=-0.087
[seed 0] round | states | accept | phi(DFA,oracle) | phi(DFA,frame01) | est | pool | |indec| | boundary | margin
Starting synthesis iteration with 232 prefixes
undersized, sampling more prefixes; decision_boundary: 0.5000
undersized, sampling more suffixes; decision_boundary: 0.5000
Completing suffix family:  99%|█████████▉| 2382/2408 [07:13<00:04,  5.50it/s]Completing suffix family: 4745it [16:09,  4.80it/s]                          Completing suffix family: 4745it [16:09,  4.89it/s]
  kept 4745/2408 after screening
FNR limit reached, decision boundary: 0.5334, margin: 0.0262
  [ce_pass] probe 100/4000, states 8, splits 6, since_split 5/149
  [ce_pass] probe 200/4000, states 9, splits 7, since_split 44/149
  [ce_pass] probe 300/4000, states 11, splits 9, since_split 46/149
  [ce_pass] probe 400/4000, states 11, splits 9, since_split 146/149
  [ce_pass] DONE after 403 probes, 9 splits, 11 states
transition_resolver: no decisive edge for (state 5, symbol 2); falling back to a self-loop
transition_resolver: no decisive edge for (state 6, symbol 1); falling back to a self-loop
transition_resolver: no decisive edge for (state 6, symbol 2); falling back to a self-loop
Resolved DFA with 11 states
DFA(states={0, 1, 2, 3, 4, 5, 6, 7, 8, 9, 10}, input_symbols={0, 1, 2, 3, 4}, transitions={0: {3: 0, 4: 0, 0: 5, 1: 8, 2: 0}, 1: {0: 1, 1: 1, 2: 1, 3: 1, 4: 1}, 2: {0: 1, 1: 1, 2: 1, 3: 7, 4: 7}, 3: {0: 0, 1: 0, 2: 0, 3: 2, 4: 2}, 4: {3: 9, 4: 9, 0: 3, 1: 10, 2: 10}, 5: {0: 5, 1: 0, 3: 4, 4: 4, 2: 5}, 6: {0: 9, 3: 8, 4: 8, 1: 6, 2: 6}, 7: {0: 7, 1: 7, 2: 7, 3: 10, 4: 10}, 8: {0: 8, 1: 8, 2: 8, 3: 4, 4: 4}, 9: {0: 7, 1: 7, 2: 8, 3: 8, 4: 8}, 10: {0: 3, 1: 10, 2: 10, 3: 2, 4: 2}}, initial_state=0, final_states={0, 2, 3, 4, 5, 6, 7, 8, 9, 10}, allow_partial=False)
Estimated DFA accuracy on fresh samples: 0.4667
  round 0: 11 | 0.940 | +0.074 | +0.496 | 0.467 | 832 | 345 | 0.533 | 0.026
Starting synthesis iteration with 832 prefixes
FNR 0.1017 too high, sampling more suffixes; decision_boundary: 0.5730
Completing suffix family:  98%|█████████▊| 2338/2380 [15:12<00:16,  2.56it/s]Completing suffix family: 4689it [33:53,  2.27it/s]                          Completing suffix family: 4689it [33:53,  2.31it/s]
  kept 4689/2380 after screening
FNR 0.1067 too high, sampling more prefixes; decision_boundary: 0.5796
FNR 0.1250 too high, sampling more suffixes; decision_boundary: 0.6028
Completing suffix family:  99%|█████████▉| 2318/2336 [13:25<00:06,  2.88it/s]Completing suffix family: 4617it [27:13,  2.82it/s]                          Completing suffix family: 4617it [27:13,  2.83it/s]
  kept 4617/2336 after screening
FNR 0.1362 too high, sampling more prefixes; decision_boundary: 0.6131
FNR 0.1360 too high, sampling more suffixes; decision_boundary: 0.6252
Completing suffix family:  97%|█████████▋| 2237/2302 [15:33<00:27,  2.40it/s]Completing suffix family: 4493it [30:32,  2.46it/s]                          Completing suffix family: 4493it [30:32,  2.45it/s]
  kept 4493/2302 after screening
FNR limit reached, decision boundary: 0.6433, margin: 0.0258
  [ce_pass] probe 100/4000, states 11, splits 9, since_split 7/149
  [ce_pass] probe 200/4000, states 17, splits 15, since_split 40/149
  [ce_pass] probe 300/4000, states 18, splits 16, since_split 43/149
  [ce_pass] probe 400/4000, states 19, splits 17, since_split 9/149
  [ce_pass] probe 500/4000, states 20, splits 18, since_split 12/149
  [ce_pass] probe 600/4000, states 20, splits 18, since_split 1/149
  [ce_pass] probe 700/4000, states 21, splits 19, since_split 4/149
  [ce_pass] probe 800/4000, states 23, splits 21, since_split 56/149
  [ce_pass] probe 900/4000, states 23, splits 21, since_split 4/149
  [ce_pass] probe 1000/4000, states 25, splits 23, since_split 6/149
  [ce_pass] probe 1100/4000, states 28, splits 26, since_split 25/149
  [ce_pass] probe 1200/4000, states 29, splits 27, since_split 25/149
  [ce_pass] probe 1300/4000, states 30, splits 28, since_split 35/149
  [ce_pass] probe 1400/4000, states 30, splits 28, since_split 52/149
  [ce_pass] DONE after 1497 probes, 28 splits, 30 states
transition_resolver: no decisive edge for (state 1, symbol 0); falling back to a self-loop
transition_resolver: no decisive edge for (state 1, symbol 1); falling back to a self-loop
transition_resolver: no decisive edge for (state 1, symbol 2); falling back to a self-loop
transition_resolver: no decisive edge for (state 4, symbol 1); falling back to a self-loop
transition_resolver: no decisive edge for (state 8, symbol 2); falling back to a self-loop
transition_resolver: no decisive edge for (state 9, symbol 0); falling back to a self-loop
transition_resolver: no decisive edge for (state 9, symbol 2); falling back to a self-loop
transition_resolver: no decisive edge for (state 10, symbol 1); falling back to a self-loop
transition_resolver: no decisive edge for (state 10, symbol 2); falling back to a self-loop
transition_resolver: no decisive edge for (state 17, symbol 1); falling back to a self-loop
transition_resolver: no decisive edge for (state 19, symbol 0); falling back to a self-loop
transition_resolver: no decisive edge for (state 19, symbol 1); falling back to a self-loop
transition_resolver: no decisive edge for (state 19, symbol 2); falling back to a self-loop
transition_resolver: no decisive edge for (state 24, symbol 0); falling back to a self-loop
transition_resolver: no decisive edge for (state 24, symbol 1); falling back to a self-loop
transition_resolver: no decisive edge for (state 24, symbol 4); falling back to a self-loop
transition_resolver: no decisive edge for (state 25, symbol 0); falling back to a self-loop
transition_resolver: no decisive edge for (state 25, symbol 2); falling back to a self-loop
Resolved DFA with 30 states
DFA(states={0, 1, 2, 3, 4, 5, 6, 7, 8, 9, 10, 11, 12, 13, 14, 15, 16, 17, 18, 19, 20, 21, 22, 23, 24, 25, 26, 27, 28, 29}, input_symbols={0, 1, 2, 3, 4}, transitions={0: {3: 0, 4: 0, 1: 4, 0: 29, 2: 29}, 1: {3: 0, 4: 0, 0: 1, 1: 1, 2: 1}, 2: {3: 13, 4: 13, 0: 25, 1: 17, 2: 17}, 3: {0: 0, 1: 0, 2: 0, 3: 13, 4: 13}, 4: {0: 4, 2: 11, 3: 15, 4: 15, 1: 4}, 5: {0: 4, 1: 24, 3: 27, 4: 27, 2: 29}, 6: {3: 4, 4: 4, 0: 28, 1: 28, 2: 28}, 7: {3: 21, 4: 21, 0: 27, 1: 27, 2: 27}, 8: {0: 22, 3: 17, 4: 17, 1: 29, 2: 8}, 9: {3: 8, 4: 8, 1: 27, 0: 9, 2: 9}, 10: {3: 1, 4: 1, 0: 11, 1: 10, 2: 10}, 11: {0: 3, 1: 11, 2: 11, 3: 13, 4: 13}, 12: {3: 3, 4: 3, 1: 28, 2: 28, 0: 29}, 13: {3: 20, 4: 20, 0: 15, 1: 15, 2: 27}, 14: {3: 4, 4: 4, 0: 28, 1: 28, 2: 28}, 15: {0: 27, 1: 27, 2: 27, 3: 6, 4: 6}, 16: {0: 7, 1: 7, 3: 20, 4: 20, 2: 27}, 17: {0: 11, 2: 3, 3: 16, 4: 16, 1: 17}, 18: {3: 7, 4: 7, 0: 28, 1: 28, 2: 28}, 19: {3: 15, 4: 15, 0: 19, 1: 19, 2: 19}, 20: {0: 5, 2: 5, 3: 11, 4: 11, 1: 29}, 21: {3: 18, 4: 18, 0: 28, 1: 28, 2: 28}, 22: {3: 25, 4: 17, 0: 29, 1: 29, 2: 29}, 23: {0: 7, 1: 7, 2: 7, 3: 21, 4: 21}, 24: {2: 11, 3: 7, 0: 24, 1: 24, 4: 24}, 25: {3: 26, 4: 26, 1: 27, 0: 25, 2: 25}, 26: {0: 28, 1: 28, 2: 28, 3: 29, 4: 29}, 27: {0: 27, 1: 27, 2: 27, 3: 26, 4: 26}, 28: {0: 28, 1: 28, 2: 28, 3: 28, 4: 28}, 29: {0: 29, 1: 29, 2: 29, 3: 27, 4: 27}}, initial_state=9, final_states={0, 3, 4, 8, 10, 11, 12, 14, 17, 19, 20, 22, 24, 25, 29}, allow_partial=False)
Estimated DFA accuracy on fresh samples: 0.3667
