[seed 2] eval ready (n=4000); phi(oracle,frame01)=+0.142 phi(oracle,allframes)=-0.070
[seed 2] round | states | accept | phi(DFA,oracle) | phi(DFA,frame01) | est | pool | |indec| | boundary | margin
Starting synthesis iteration with 232 prefixes
undersized, sampling more prefixes; decision_boundary: 0.5000
undersized, sampling more suffixes; decision_boundary: 0.5000
Completing suffix family:  98%|█████████▊| 2362/2408 [06:58<00:08,  5.64it/s]Completing suffix family: 4722it [15:12,  5.10it/s]                          Completing suffix family: 4722it [15:12,  5.17it/s]
  kept 4722/2408 after screening
FNR limit reached, decision boundary: 0.5318, margin: 0.0264
  [ce_pass] probe 100/4000, states 10, splits 8, since_split 0/149
  [ce_pass] probe 200/4000, states 10, splits 8, since_split 100/149
  [ce_pass] probe 300/4000, states 12, splits 10, since_split 1/149
  [ce_pass] probe 400/4000, states 14, splits 12, since_split 4/149
  [ce_pass] probe 500/4000, states 15, splits 13, since_split 32/149
  [ce_pass] probe 600/4000, states 15, splits 13, since_split 132/149
  [ce_pass] DONE after 617 probes, 13 splits, 15 states
transition_resolver: no decisive edge for (state 8, symbol 1); falling back to a self-loop
transition_resolver: no decisive edge for (state 11, symbol 1); falling back to a self-loop
transition_resolver: no decisive edge for (state 12, symbol 1); falling back to a self-loop
Resolved DFA with 15 states
DFA(states={0, 1, 2, 3, 4, 5, 6, 7, 8, 9, 10, 11, 12, 13, 14}, input_symbols={0, 1, 2, 3, 4}, transitions={0: {3: 0, 4: 0, 0: 7, 1: 9, 2: 7}, 1: {0: 1, 1: 1, 2: 1, 3: 1, 4: 1}, 2: {0: 1, 1: 1, 2: 1, 3: 8, 4: 9}, 3: {0: 0, 1: 10, 2: 0, 3: 13, 4: 13}, 4: {0: 4, 1: 4, 2: 4, 3: 10, 4: 10}, 5: {0: 10, 1: 10, 2: 10, 3: 6, 4: 6}, 6: {0: 4, 1: 4, 2: 4, 3: 7, 4: 7}, 7: {0: 7, 1: 0, 2: 0, 3: 5, 4: 5}, 8: {0: 4, 2: 9, 3: 14, 4: 14, 1: 8}, 9: {0: 9, 1: 9, 2: 9, 3: 14, 4: 14}, 10: {0: 10, 1: 10, 2: 10, 3: 13, 4: 13}, 11: {0: 4, 2: 4, 3: 9, 4: 9, 1: 11}, 12: {0: 1, 2: 4, 3: 9, 4: 9, 1: 12}, 13: {0: 1, 1: 1, 2: 1, 3: 4, 4: 4}, 14: {0: 3, 1: 10, 2: 10, 3: 11, 4: 11}}, initial_state=0, final_states={0, 2, 3, 4, 5, 6, 7, 8, 9, 10, 11, 12, 13, 14}, allow_partial=False)
Estimated DFA accuracy on fresh samples: 0.6333
  round 0: 15 | 0.923 | +0.067 | +0.561 | 0.633 | 872 | 465 | 0.532 | 0.026
Starting synthesis iteration with 872 prefixes
accept-preserving not established, sampling more prefixes; decision_boundary: 0.5832
FNR limit reached, decision boundary: 0.6072, margin: 0.0260
  [ce_pass] probe 100/4000, states 9, splits 7, since_split 35/149
  [ce_pass] probe 200/4000, states 10, splits 8, since_split 59/149
  [ce_pass] DONE after 290 probes, 8 splits, 10 states
transition_resolver: no decisive edge for (state 1, symbol 2); falling back to a self-loop
Resolved DFA with 10 states
DFA(states={0, 1, 2, 3, 4, 5, 6, 7, 8, 9}, input_symbols={0, 1, 2, 3, 4}, transitions={0: {0: 4, 1: 4, 2: 4, 3: 0, 4: 0}, 1: {0: 5, 1: 5, 3: 0, 4: 0, 2: 1}, 2: {0: 9, 1: 9, 2: 9, 3: 5, 4: 5}, 3: {0: 8, 1: 8, 3: 7, 4: 7, 2: 2}, 4: {0: 4, 1: 4, 2: 4, 3: 8, 4: 8}, 5: {0: 5, 1: 5, 2: 5, 3: 6, 4: 6}, 6: {0: 6, 1: 6, 2: 6, 3: 2, 4: 2}, 7: {0: 5, 1: 5, 2: 5, 3: 4, 4: 4}, 8: {0: 6, 1: 6, 2: 6, 3: 7, 4: 7}, 9: {0: 9, 1: 9, 2: 9, 3: 9, 4: 9}}, initial_state=8, final_states={0, 3, 4, 6, 8}, allow_partial=False)
Estimated DFA accuracy on fresh samples: 0.5333
  round 1: 10 | 0.419 | +0.121 | +0.436 | 0.533 | 1268 | 185 | 0.607 | 0.026
Starting synthesis iteration with 1268 prefixes
FNR limit reached, decision boundary: 0.5680, margin: 0.0261
  [ce_pass] probe 100/4000, states 9, splits 7, since_split 16/149
  [ce_pass] probe 200/4000, states 11, splits 9, since_split 18/149
  [ce_pass] probe 300/4000, states 11, splits 9, since_split 11/149
  [ce_pass] probe 400/4000, states 11, splits 9, since_split 5/149
  [ce_pass] probe 500/4000, states 11, splits 9, since_split 10/149
  [ce_pass] probe 600/4000, states 11, splits 9, since_split 110/149
  [ce_pass] DONE after 639 probes, 9 splits, 11 states
transition_resolver: no decisive edge for (state 6, symbol 2); falling back to a self-loop
Resolved DFA with 11 states
DFA(states={0, 1, 2, 3, 4, 5, 6, 7, 8, 9, 10}, input_symbols={0, 1, 2, 3, 4}, transitions={0: {0: 0, 1: 0, 2: 0, 3: 0, 4: 0}, 1: {3: 3, 4: 3, 0: 5, 1: 5, 2: 5}, 2: {0: 7, 1: 8, 2: 8, 3: 1, 4: 1}, 3: {0: 3, 1: 3, 2: 3, 3: 2, 4: 2}, 4: {0: 3, 1: 3, 2: 0, 3: 6, 4: 6}, 5: {0: 5, 1: 5, 2: 5, 3: 8, 4: 8}, 6: {3: 9, 4: 9, 0: 9, 1: 6, 2: 6}, 7: {0: 10, 1: 10, 2: 10, 3: 5, 4: 5}, 8: {0: 8, 1: 8, 2: 8, 3: 7, 4: 7}, 9: {0: 8, 1: 3, 2: 3, 3: 9, 4: 9}, 10: {0: 10, 1: 10, 2: 10, 3: 10, 4: 10}}, initial_state=4, final_states={0, 2, 3, 4, 6, 8, 9}, allow_partial=False)
Estimated DFA accuracy on fresh samples: 0.2667
