[seed 3] eval ready (n=4000); phi(oracle,frame01)=+0.173 phi(oracle,allframes)=-0.097
[seed 3] round | states | accept | phi(DFA,oracle) | phi(DFA,frame01) | est | pool | |indec| | boundary | margin
Starting synthesis iteration with 232 prefixes
undersized, sampling more prefixes; decision_boundary: 0.5000
undersized, sampling more suffixes; decision_boundary: 0.5000
Completing suffix family:  99%|█████████▉| 2393/2408 [07:13<00:02,  5.52it/s]Completing suffix family: 4752it [14:16,  5.55it/s]                          Completing suffix family: 4752it [14:16,  5.55it/s]
  kept 4752/2408 after screening
FNR limit reached, decision boundary: 0.5462, margin: 0.0262
  [ce_pass] probe 100/4000, states 8, splits 6, since_split 58/149
  [ce_pass] probe 200/4000, states 10, splits 8, since_split 42/149
  [ce_pass] probe 300/4000, states 11, splits 9, since_split 42/149
  [ce_pass] probe 400/4000, states 11, splits 9, since_split 142/149
  [ce_pass] DONE after 407 probes, 9 splits, 11 states
Resolved DFA with 11 states
DFA(states={0, 1, 2, 3, 4, 5, 6, 7, 8, 9, 10}, input_symbols={0, 1, 2, 3, 4}, transitions={0: {0: 7, 1: 7, 2: 7, 3: 0, 4: 0}, 1: {0: 1, 1: 1, 2: 1, 3: 1, 4: 1}, 2: {0: 1, 1: 1, 2: 1, 3: 10, 4: 10}, 3: {0: 7, 1: 7, 2: 7, 3: 2, 4: 2}, 4: {0: 0, 1: 4, 2: 7, 3: 8, 4: 8}, 5: {0: 1, 3: 0, 4: 9, 1: 10, 2: 10}, 6: {0: 8, 1: 8, 2: 8, 3: 9, 4: 9}, 7: {0: 7, 1: 7, 2: 7, 3: 6, 4: 6}, 8: {0: 1, 1: 8, 2: 8, 3: 2, 4: 2}, 9: {3: 7, 4: 7, 0: 10, 1: 10, 2: 10}, 10: {0: 10, 1: 10, 2: 10, 3: 8, 4: 8}}, initial_state=0, final_states={0, 2, 3, 4, 5, 6, 7, 8, 9, 10}, allow_partial=False)
Estimated DFA accuracy on fresh samples: 0.4333
  round 0: 11 | 0.881 | +0.098 | +0.568 | 0.433 | 791 | 370 | 0.546 | 0.026
Starting synthesis iteration with 791 prefixes
FNR limit reached, decision boundary: 0.5751, margin: 0.0260
  [ce_pass] probe 100/4000, states 10, splits 8, since_split 25/149
  [ce_pass] probe 200/4000, states 12, splits 10, since_split 20/149
  [ce_pass] probe 300/4000, states 13, splits 11, since_split 40/149
  [ce_pass] probe 400/4000, states 13, splits 11, since_split 140/149
  [ce_pass] DONE after 409 probes, 11 splits, 13 states
Resolved DFA with 13 states
DFA(states={0, 1, 2, 3, 4, 5, 6, 7, 8, 9, 10, 11, 12}, input_symbols={0, 1, 2, 3, 4}, transitions={0: {3: 0, 4: 0, 0: 8, 1: 8, 2: 8}, 1: {0: 1, 1: 1, 2: 1, 3: 4, 4: 4}, 2: {0: 6, 1: 6, 2: 6, 3: 1, 4: 1}, 3: {3: 10, 4: 10, 0: 11, 1: 11, 2: 11}, 4: {0: 7, 1: 7, 2: 4, 3: 2, 4: 2}, 5: {3: 6, 4: 6, 0: 12, 1: 12, 2: 12}, 6: {0: 6, 1: 6, 2: 6, 3: 11, 4: 11}, 7: {3: 10, 4: 10, 0: 11, 1: 11, 2: 11}, 8: {0: 1, 1: 8, 2: 8, 3: 7, 4: 7}, 9: {0: 6, 1: 8, 2: 8, 3: 8, 4: 8}, 10: {0: 6, 1: 6, 2: 6, 3: 8, 4: 8}, 11: {0: 11, 1: 11, 2: 11, 3: 5, 4: 5}, 12: {0: 12, 1: 12, 2: 12, 3: 12, 4: 12}}, initial_state=7, final_states={0, 2, 4, 5, 7, 9, 10}, allow_partial=False)
Estimated DFA accuracy on fresh samples: 0.4667
  round 1: 13 | 0.319 | -0.032 | +0.344 | 0.467 | 1064 | 299 | 0.575 | 0.026
Starting synthesis iteration with 1064 prefixes
not accept-preserving, sampling more prefixes; decision_boundary: 0.5854
accept-preserving not established, sampling more prefixes; decision_boundary: 0.6103
